
> markwings@1.0.0 build C:\Users\harsh\Lappy\Programming\Projects\web\Markwings\MarkWings\markwings_website
> vite build

[36mvite v6.3.5 [32mbuilding for production...[36m[39m
(node:9816) ExperimentalWarning: CommonJS module C:\Users\harsh\Lappy\Programming\Projects\web\Markwings\MarkWings\markwings_website\vite.config.js is loading ES Module C:\Users\harsh\Lappy\Programming\Projects\web\Markwings\MarkWings\markwings_website\node_modules\vite\dist\node\index.js using require().
Support for loading ES Module in require() is an experimental feature and might change at any time
(Use `node --trace-warnings ...` to show where the warning was created)
transforming...
[32mΓ£ô[39m 3 modules transformed.
Γ£ù Build failed in 221ms
error during build:
[vite:build-html] [plugin vite:build-import-analysis] src/script/home/main.js (116:5): Failed to parse source for import analysis because the content contains invalid JS syntax. If you are using JSX, make sure to name the file with the .jsx or .tsx extension.
file: C:/Users/harsh/Lappy/Programming/Projects/web/Markwings/MarkWings/markwings_website/src/script/home/main.js:116:5 (C:/Users/harsh/Lappy/Programming/Projects/web/Markwings/MarkWings/markwings_website/index.html)

114:         d: initialPath,
115:       },
116:     });
          ^
117:   });
118:   el.addEventListener("mouseleave", () => {

    at getRollupError (file:///C:/Users/harsh/Lappy/Programming/Projects/web/Markwings/MarkWings/markwings_website/node_modules/rollup/dist/es/shared/parseAst.js:397:41)
    at error (file:///C:/Users/harsh/Lappy/Programming/Projects/web/Markwings/MarkWings/markwings_website/node_modules/rollup/dist/es/shared/parseAst.js:393:42)
    at Object.error (file:///C:/Users/harsh/Lappy/Programming/Projects/web/Markwings/MarkWings/markwings_website/node_modules/rollup/dist/es/shared/node-entry.js:21889:20)
    at Object.error (file:///C:/Users/harsh/Lappy/Programming/Projects/web/Markwings/MarkWings/markwings_website/node_modules/rollup/dist/es/shared/node-entry.js:20951:42)
    at Object.handler (file:///C:/Users/harsh/Lappy/Programming/Projects/web/Markwings/MarkWings/markwings_website/node_modules/vite/dist/node/chunks/dep-DBxKXgDP.js:45389:16)
ΓÇëELIFECYCLEΓÇë Command failed with exit code 1.
